// Jest Snapshot v1, https://goo.gl/fbAQLP

exports[`Navbar renders correctly 1`] = `
"<nav className=\\"navbar navbar-default\\">
  <div className=\\"container-fluid\\">
    <div className=\\"navbar-header\\" style={{...}}>
      <Link className=\\"navbar-brand\\" style={{...}} to=\\"/\\" replace={false}>
        Home
      </Link>
    </div>
    <MusicPlayer song=\\"\\" />
  </div>
</nav>"
`;
